// Jest Snapshot v1, https://goo.gl/fbAQLP

exports[`uses a versioned API for japanese-addresses 1`] = `"https://japanese-addresses.geolonia.com/next/ja"`;
